<!DOCTYPE html>
<style>
    * {
        margin: 0;
    }
    body {
        background-color: white;
    }
</style>
<img src="../images/border-radius-collapse-under-large-values.png">
